SET_PARAMETER pipelining_mode No_Pipelining
SET_PARAMETER ce false
SET_PARAMETER x_out true
SET_PARAMETER iterations 0
SET_PARAMETER functional_selection Sin_and_Cos
SET_PARAMETER coarse_rotation true
SET_PARAMETER register_outputs true
SET_PARAMETER nd false
SET_PARAMETER phase_format Scaled_Radians
SET_PARAMETER y_out false
SET_PARAMETER round_mode Nearest_Even
SET_PARAMETER architectural_configuration Parallel
SET_PARAMETER data_format SignedFraction
SET_PARAMETER output_width 16
SET_PARAMETER component_name sin
SET_PARAMETER precision 0
SET_PARAMETER sclr false
SET_PARAMETER phase_output false
SET_PARAMETER register_inputs true
SET_PARAMETER input_width 16
SET_PARAMETER compensation_scaling No_Scale_Compensation
SET_PARAMETER rdy false
SET_ERROR_CODE 2
SET_ERROR_MSG  CANCEL: Customization cancelled.
SET_ERROR_TEXT Finished initializing IP model.	
